[17:28:55] ============================================================
[17:28:55] INICIANDO SCRIPTCASE MONITOR
[17:28:55] ============================================================
[17:28:58] Acessando https://localhost/telematica/suricato.exe
[17:29:02] Login realizado com sucesso.
[17:29:02] Foram encontradas 25 aplicações.

[17:29:02] Abrindo: https://localhost/suricato/app/cnsAcessoColaborador/cnsAcessoColaborador.php
[17:29:03] [ OK ] cnsAcessoColaborador (1.02s)
[17:29:03] Abrindo: https://localhost/suricato/app/cnsAcessosDosColaboradores/cnsAcessosDosColaboradores.php
[17:29:04] [ OK ] cnsAcessosDosColaboradores (0.80s)
[17:29:04] Abrindo: https://localhost/suricato/app/cnsAgendVeicu/cnsAgendVeicu.php
[17:29:05] [ OK ] cnsAgendVeicu (0.91s)
[17:29:05] Abrindo: https://localhost/suricato/app/cnsAgendamentosVeiculos/cnsAgendamentosVeiculos.php
[17:29:05] [ OK ] cnsAgendamentosVeiculos (0.79s)
[17:29:05] Abrindo: https://localhost/suricato/app/cnsAlarmesTratados/cnsAlarmesTratados.php
[17:29:07] [ OK ] cnsAlarmesTratados (1.08s)
[17:29:07] Abrindo: https://localhost/suricato/app/cnsAmbiente/cnsAmbiente.php
[17:29:07] [ OK ] cnsAmbiente (0.73s)
[17:29:07] Abrindo: https://localhost/suricato/app/cnsAplicacoes/cnsAplicacoes.php
[17:29:08] [ OK ] cnsAplicacoes (0.81s)
[17:29:08] Abrindo: https://localhost/suricato/app/cnsAprovacaoAgendamentoFrota/cnsAprovacaoAgendamentoFrota.php
[17:29:09] [ OK ] cnsAprovacaoAgendamentoFrota (0.86s)
[17:29:09] Abrindo: https://localhost/suricato/app/cnsAutorizacaoSaida/cnsAutorizacaoSaida.php
[17:29:10] [ OK ] cnsAutorizacaoSaida (0.79s)
[17:29:10] Abrindo: https://localhost/suricato/app/cnsAutorizarAcessoColaboradores/cnsAutorizarAcessoColaboradores.php
[17:29:11] [ OK ] cnsAutorizarAcessoColaboradores (0.82s)
[17:29:11] Abrindo: https://localhost/suricato/app/cnsBaixaCracha/cnsBaixaCracha.php
[17:29:12] [ OK ] cnsBaixaCracha (0.82s)
[17:29:12] Abrindo: https://localhost/suricato/app/cnsBloqueioCracha/cnsBloqueioCracha.php
[17:29:12] [ OK ] cnsBloqueioCracha (0.80s)
[17:29:12] Abrindo: https://localhost/suricato/app/cnsCadastroChave/cnsCadastroChave.php
[17:29:13] [ OK ] cnsCadastroChave (0.79s)
[17:29:13] Abrindo: https://localhost/suricato/app/cnsCadastroEPI/cnsCadastroEPI.php
[17:29:14] [ OK ] cnsCadastroEPI (0.79s)
[17:29:14] Abrindo: https://localhost/suricato/app/cnsCentralGerenciamento/cnsCentralGerenciamento.php
[17:29:15] [ OK ] cnsCentralGerenciamento (0.74s)
[17:29:15] Abrindo: https://localhost/suricato/app/cnsCentrodeCusto/cnsCentrodeCusto.php
[17:29:16] [ OK ] cnsCentrodeCusto (0.74s)
[17:29:16] Abrindo: https://localhost/suricato/app/cnsCodinsGrupoRep/cnsCodinsGrupoRep.php
[17:29:17] [ERRO] cnsCodinsGrupoRep (0.84s) -> SQL Server
[17:29:17] Abrindo: https://localhost/suricato/app/cnsColabGrupoHoraExtra/cnsColabGrupoHoraExtra.php
[17:29:17] [ OK ] cnsColabGrupoHoraExtra (0.68s)
[17:29:17] Abrindo: https://localhost/suricato/app/cnsColabPorEmpresa/cnsColabPorEmpresa.php
[17:29:18] [ OK ] cnsColabPorEmpresa (0.73s)
[17:29:18] Abrindo: https://localhost/suricato/app/cnsColaboradorHorarioNR36/cnsColaboradorHorarioNR36.php
[17:29:19] [ OK ] cnsColaboradorHorarioNR36 (0.87s)
[17:29:19] Abrindo: https://localhost/suricato/app/cnsColaboradorXMatrizAcesso/cnsColaboradorXMatrizAcesso.php
[17:29:20] [ OK ] cnsColaboradorXMatrizAcesso (0.75s)
[17:29:20] Abrindo: https://localhost/suricato/app/cnsColetores/cnsColetores.php
[17:29:21] [ OK ] cnsColetores (0.79s)
[17:29:21] Abrindo: https://localhost/suricato/app/cnsColetoresPlanta/cnsColetoresPlanta.php
[17:29:21] [ OK ] cnsColetoresPlanta (0.71s)
[17:29:21] Abrindo: https://localhost/suricato/app/cnsColetoresPlantaListas/cnsColetoresPlantaListas.php
[17:29:22] [ OK ] cnsColetoresPlantaListas (0.73s)
[17:29:22] Abrindo: https://localhost/suricato/app/cnsColetorescad/cnsColetorescad.php
[17:29:23] [ OK ] cnsColetorescad (0.91s)
[17:29:23] 
[17:29:23] ============================================================
[17:29:23] RESUMO
[17:29:23] ============================================================
[17:29:23] Total : 25
[17:29:23] OK    : 24
[17:29:23] Erro  : 1
[17:29:23] Navegador encerrado.
