[17:26:53] ============================================================
[17:26:53] INICIANDO SCRIPTCASE MONITOR
[17:26:53] ============================================================
[17:26:54] Acessando https://localhost/telematica/suricato.exe
[17:26:58] Login realizado com sucesso.
[17:26:58] Foram encontradas 15 aplicações.

[17:26:58] Abrindo: https://localhost/suricato/app/cnsAcessoColaborador/cnsAcessoColaborador.php
[17:26:59] [ OK ] cnsAcessoColaborador (1.01s)
[17:26:59] Abrindo: https://localhost/suricato/app/cnsAcessosDosColaboradores/cnsAcessosDosColaboradores.php
[17:27:00] [ OK ] cnsAcessosDosColaboradores (0.76s)
[17:27:00] Abrindo: https://localhost/suricato/app/cnsAgendVeicu/cnsAgendVeicu.php
[17:27:01] [ OK ] cnsAgendVeicu (0.92s)
[17:27:01] Abrindo: https://localhost/suricato/app/cnsAgendamentosVeiculos/cnsAgendamentosVeiculos.php
[17:27:02] [ OK ] cnsAgendamentosVeiculos (0.76s)
[17:27:02] Abrindo: https://localhost/suricato/app/cnsAlarmesTratados/cnsAlarmesTratados.php
[17:27:03] [ OK ] cnsAlarmesTratados (1.09s)
[17:27:03] Abrindo: https://localhost/suricato/app/cnsAmbiente/cnsAmbiente.php
[17:27:04] [ OK ] cnsAmbiente (0.91s)
[17:27:04] Abrindo: https://localhost/suricato/app/cnsAplicacoes/cnsAplicacoes.php
[17:27:04] [ OK ] cnsAplicacoes (0.83s)
[17:27:04] Abrindo: https://localhost/suricato/app/cnsAprovacaoAgendamentoFrota/cnsAprovacaoAgendamentoFrota.php
[17:27:05] [ OK ] cnsAprovacaoAgendamentoFrota (0.94s)
[17:27:05] Abrindo: https://localhost/suricato/app/cnsAutorizacaoSaida/cnsAutorizacaoSaida.php
[17:27:06] [ OK ] cnsAutorizacaoSaida (0.87s)
[17:27:06] Abrindo: https://localhost/suricato/app/cnsAutorizarAcessoColaboradores/cnsAutorizarAcessoColaboradores.php
[17:27:07] [ OK ] cnsAutorizarAcessoColaboradores (0.90s)
[17:27:07] Abrindo: https://localhost/suricato/app/cnsBaixaCracha/cnsBaixaCracha.php
[17:27:08] [ OK ] cnsBaixaCracha (0.89s)
[17:27:08] Abrindo: https://localhost/suricato/app/cnsBloqueioCracha/cnsBloqueioCracha.php
[17:27:09] [ OK ] cnsBloqueioCracha (0.84s)
[17:27:09] Abrindo: https://localhost/suricato/app/cnsCadastroChave/cnsCadastroChave.php
[17:27:10] [ OK ] cnsCadastroChave (0.83s)
[17:27:10] Abrindo: https://localhost/suricato/app/cnsCadastroEPI/cnsCadastroEPI.php
[17:27:11] [ OK ] cnsCadastroEPI (0.85s)
[17:27:11] Abrindo: https://localhost/suricato/app/cnsCentralGerenciamento/cnsCentralGerenciamento.php
[17:27:12] [ OK ] cnsCentralGerenciamento (0.89s)
[17:27:12] 
[17:27:12] ============================================================
[17:27:12] RESUMO
[17:27:12] ============================================================
[17:27:12] Total : 15
[17:27:12] OK    : 15
[17:27:12] Erro  : 0
[17:27:12] Navegador encerrado.
